// Jest Snapshot v1, https://goo.gl/fbAQLP

exports[`SyntaxHighlightLayout getLine supports highlighting a single line 1`] = `"[38;2;0;191;249m[48;2;255;255;255mconst[38;2;199;146;234m[48;2;255;255;255m [38;2;146;182;244m[48;2;255;255;255mfoo[38;2;199;146;234m[48;2;255;255;255m [38;2;0;191;249m[48;2;255;255;255m=[38;2;199;146;234m[48;2;255;255;255m [38;2;141;236;149m[48;2;255;255;255m42[38;2;188;231;255m[48;2;255;255;255m;[m"`;
